../Drivers/STM32L4xx_HAL_Driver/Inc/stm32l4xx_ll_rcc.h:3011:22:LL_RCC_SetI2CClockSource	24	static
../Core/Src/i2c.c:31:6:MX_I2C1_Init	8	static
../Core/Src/i2c.c:74:6:MX_I2C2_Init	8	static
../Core/Src/i2c.c:117:6:HAL_I2C_MspInit	56	static
../Core/Src/i2c.c:174:6:HAL_I2C_MspDeInit	16	static
../Core/Src/i2c.c:221:19:I2C1_DeInit	16	static
../Core/Src/i2c.c:231:19:I2C1_MemWrite	40	static
../Core/Src/i2c.c:236:19:I2C1_MemRead	40	static
../Core/Src/i2c.c:241:19:I2C1_Write	32	static
../Core/Src/i2c.c:246:19:I2C1_Read	32	static
../Core/Src/i2c.c:251:6:I2C1_IsNacked	4	static
../Core/Src/i2c.c:256:19:I2C1_IsDeviceReady	16	static
