../Drivers/STM32L4xx_HAL_Driver/Inc/stm32l4xx_ll_rcc.h:2268:22:LL_RCC_LSE_Enable	1
../Drivers/STM32L4xx_HAL_Driver/Inc/stm32l4xx_ll_rcc.h:2314:22:LL_RCC_LSE_SetDriveCapability	1
../Drivers/STM32L4xx_HAL_Driver/Inc/stm32l4xx_ll_rcc.h:2360:26:LL_RCC_LSE_IsReady	2
../Drivers/STM32L4xx_HAL_Driver/Inc/stm32l4xx_ll_rcc.h:2487:22:LL_RCC_MSI_Enable	1
../Drivers/STM32L4xx_HAL_Driver/Inc/stm32l4xx_ll_rcc.h:2507:26:LL_RCC_MSI_IsReady	2
../Drivers/STM32L4xx_HAL_Driver/Inc/stm32l4xx_ll_rcc.h:2521:22:LL_RCC_MSI_EnablePLLMode	1
../Drivers/STM32L4xx_HAL_Driver/Inc/stm32l4xx_ll_rcc.h:2546:22:LL_RCC_MSI_EnableRangeSelection	1
../Drivers/STM32L4xx_HAL_Driver/Inc/stm32l4xx_ll_rcc.h:2579:22:LL_RCC_MSI_SetRange	1
../Drivers/STM32L4xx_HAL_Driver/Inc/stm32l4xx_ll_rcc.h:2654:22:LL_RCC_MSI_SetCalibTrimming	1
../Drivers/STM32L4xx_HAL_Driver/Inc/stm32l4xx_ll_rcc.h:2740:22:LL_RCC_SetSysClkSource	1
../Drivers/STM32L4xx_HAL_Driver/Inc/stm32l4xx_ll_rcc.h:2754:26:LL_RCC_GetSysClkSource	1
../Drivers/STM32L4xx_HAL_Driver/Inc/stm32l4xx_ll_rcc.h:2774:22:LL_RCC_SetAHBPrescaler	1
../Drivers/STM32L4xx_HAL_Driver/Inc/stm32l4xx_ll_rcc.h:2790:22:LL_RCC_SetAPB1Prescaler	1
../Drivers/STM32L4xx_HAL_Driver/Inc/stm32l4xx_ll_rcc.h:2806:22:LL_RCC_SetAPB2Prescaler	1
../Drivers/STM32L4xx_HAL_Driver/Inc/stm32l4xx_ll_system.h:1403:22:LL_FLASH_SetLatency	1
../Drivers/STM32L4xx_HAL_Driver/Inc/stm32l4xx_ll_system.h:1431:26:LL_FLASH_GetLatency	1
../Drivers/STM32L4xx_HAL_Driver/Inc/stm32l4xx_ll_pwr.h:343:22:LL_PWR_SetRegulVoltageScaling	1
../Drivers/STM32L4xx_HAL_Driver/Inc/stm32l4xx_ll_pwr.h:397:22:LL_PWR_EnableBkUpAccess	1
../Drivers/STM32L4xx_HAL_Driver/Inc/stm32l4xx_ll_pwr.h:1607:26:LL_PWR_IsActiveFlag_VOS	2
../Core/Src/main.c:79:5:main	3
../Core/Src/main.c:191:6:SystemClock_Config	7
../Core/Src/main.c:242:6:UART_Printf	1
../Core/Src/main.c:259:6:Error_Handler	1
