../Core/Src/main.c:82:5:main	8	static
../Core/Src/main.c:134:6:SystemClock_Config	96	static
../Core/Src/main.c:189:13:MX_I2C1_Init	8	static
../Core/Src/main.c:237:13:MX_I2C2_Init	8	static
../Core/Src/main.c:285:13:MX_LPTIM1_Init	8	static
../Core/Src/main.c:321:13:MX_LPUART1_UART_Init	8	static
../Core/Src/main.c:355:13:MX_USART1_UART_Init	8	static
../Core/Src/main.c:390:13:MX_SPI1_Init	8	static
../Core/Src/main.c:430:13:MX_GPIO_Init	48	static
../Core/Src/main.c:510:6:UART_Printf	272	static
../Core/Src/main.c:527:6:Error_Handler	4	static,ignoring_inline_asm
