../Core/Src/max17260.c:118:13:i2c_init	4	static
../Core/Src/max17260.c:130:13:i2c_write	16	static
../Core/Src/max17260.c:146:13:i2c_read	16	static
../Core/Src/max17260.c:158:13:delay_ms	24	static,ignoring_inline_asm
../Core/Src/max17260.c:176:13:MAX17260_Register_WriteSingle	24	static
../Core/Src/max17260.c:187:13:MAX17260_Register_ReadSingle	24	static
../Core/Src/max17260.c:201:13:IsPOR	16	static
../Core/Src/max17260.c:211:13:ClearPOR	16	static
../Core/Src/max17260.c:224:13:LWInit	16	static
../Core/Src/max17260.c:258:6:BatteryMonitor_Init	8	static
../Core/Src/max17260.c:270:10:BatteryMonitor_GetQH	16	static
